0 | 20020212 | 32816 | 180300 | 10 | 10___msg1.
1 | 20181210 | 224235 | 204126 | 10 | 10___msg2.
2 | 20020722 | 175642 | 215022 | 10 | 10___msg3.
3 | 20080402 | 5851 | 202725 | 10 | 10___msg4.
4 | 20100420 | 224153 | 164637 | 10 | 10___msg5.
5 | 20170113 | 145612 | 155326 | 10 | 10___msg6.
6 | 20121025 | 25413 | 41638 | 10 | 10___msg7.
7 | 20140129 | 202820 | 190634 | 10 | 10___msg8.
8 | 20010903 | 234553 | 91131 | 10 | 10___msg9.
9 | 20090518 | 191150 | 160637 | 11 | 10___msg10.
10 | 20131001 | 125108 | 32552 | 11 | 10___msg11.
11 | 20200803 | 33220 | 20644 | 11 | 10___msg12.
12 | 20021104 | 214856 | 234105 | 11 | 10___msg13.
13 | 20040924 | 51051 | 1007 | 11 | 10___msg14.
14 | 20050520 | 71816 | 22336 | 11 | 10___msg15.
15 | 20061126 | 4147 | 133053 | 11 | 10___msg16.
16 | 20090721 | 124614 | 150640 | 11 | 10___msg17.
17 | 20200708 | 114926 | 90926 | 11 | 10___msg18.
18 | 20180401 | 113627 | 84552 | 11 | 10___msg19.
19 | 20050411 | 113432 | 94057 | 11 | 10___msg20.
0 | 20020212 | 32816 | 180300 | 10 | 10___msg1.
1 | 20181210 | 224235 | 204126 | 10 | 10___msg2.
2 | 20020722 | 175642 | 215022 | 10 | 10___msg3.
3 | 20080402 | 5851 | 202725 | 10 | 10___msg4.
4 | 20100420 | 224153 | 164637 | 10 | 10___msg5.
5 | 20170113 | 145612 | 155326 | 10 | 10___msg6.
6 | 20121025 | 25413 | 41638 | 10 | 10___msg7.
7 | 20140129 | 202820 | 190634 | 10 | 10___msg8.
8 | 20010903 | 234553 | 91131 | 10 | 10___msg9.
9 | 20090518 | 191150 | 160637 | 11 | 10___msg10.
10 | 20131001 | 125108 | 32552 | 11 | 10___msg11.
11 | 20200803 | 33220 | 20644 | 11 | 10___msg12.
12 | 20021104 | 214856 | 234105 | 11 | 10___msg13.
13 | 20040924 | 51051 | 1007 | 11 | 10___msg14.
14 | 20050520 | 71816 | 22336 | 11 | 10___msg15.
15 | 20061126 | 4147 | 133053 | 11 | 10___msg16.
16 | 20090721 | 124614 | 150640 | 11 | 10___msg17.
17 | 20200708 | 114926 | 90926 | 11 | 10___msg18.
18 | 20180401 | 113627 | 84552 | 11 | 10___msg19.
19 | 20050411 | 113432 | 94057 | 11 | 10___msg20.
0 | 20020212 | 32816 | 180300 | 10 | 10___msg1.
1 | 20181210 | 224235 | 204126 | 10 | 10___msg2.
2 | 20020722 | 175642 | 215022 | 10 | 10___msg3.
3 | 20080402 | 5851 | 202725 | 10 | 10___msg4.
4 | 20100420 | 224153 | 164637 | 10 | 10___msg5.
5 | 20170113 | 145612 | 155326 | 10 | 10___msg6.
6 | 20121025 | 25413 | 41638 | 10 | 10___msg7.
7 | 20140129 | 202820 | 190634 | 10 | 10___msg8.
8 | 20010903 | 234553 | 91131 | 10 | 10___msg9.
9 | 20090518 | 191150 | 160637 | 11 | 10___msg10.
10 | 20131001 | 125108 | 32552 | 11 | 10___msg11.
11 | 20200803 | 33220 | 20644 | 11 | 10___msg12.
12 | 20021104 | 214856 | 234105 | 11 | 10___msg13.
13 | 20040924 | 51051 | 1007 | 11 | 10___msg14.
14 | 20050520 | 71816 | 22336 | 11 | 10___msg15.
15 | 20061126 | 4147 | 133053 | 11 | 10___msg16.
16 | 20090721 | 124614 | 150640 | 11 | 10___msg17.
17 | 20200708 | 114926 | 90926 | 11 | 10___msg18.
18 | 20180401 | 113627 | 84552 | 11 | 10___msg19.
19 | 20050411 | 113432 | 94057 | 11 | 10___msg20.
0 
1 0 
2 1 0 
3 2 1 0 
4 3 2 1 0 
5 4 3 2 1 0 
6 5 4 3 2 1 0 
7 6 5 4 3 2 1 0 
8 7 6 5 4 3 2 1 0 
9 8 7 6 5 4 3 2 1 0 
10 9 8 7 6 5 4 3 2 1 0 
11 10 9 8 7 6 5 4 3 2 1 0 
12 11 10 9 8 7 6 5 4 3 2 1 0 
13 12 11 10 9 8 7 6 5 4 3 2 1 0 
14 13 12 11 10 9 8 7 6 5 4 3 2 1 0 
15 14 13 12 11 10 9 8 7 6 5 4 3 2 1 0 
16 15 14 13 12 11 10 9 8 7 6 5 4 3 2 1 0 
17 16 15 14 13 12 11 10 9 8 7 6 5 4 3 2 1 0 
18 17 16 15 14 13 12 11 10 9 8 7 6 5 4 3 2 1 0 
19 18 17 16 15 14 13 12 11 10 9 8 7 6 5 4 3 2 1 0 
