0 | 20030217 | 34323 | 210037 | 9 | 1___msg1.
1 | 20161225 | 71452 | 123427 | 9 | 1___msg2.
2 | 20110218 | 54116 | 223749 | 9 | 1___msg3.
3 | 20170130 | 220730 | 95159 | 9 | 1___msg4.
4 | 20021025 | 182310 | 215703 | 9 | 1___msg5.
5 | 20071203 | 182545 | 234924 | 9 | 1___msg6.
6 | 20180708 | 33853 | 91401 | 9 | 1___msg7.
7 | 20100614 | 144946 | 100324 | 9 | 1___msg8.
8 | 20111216 | 135817 | 85209 | 9 | 1___msg9.
9 | 20030204 | 102618 | 41440 | 10 | 1___msg10.
10 | 20010922 | 113032 | 64112 | 10 | 1___msg11.
11 | 20150809 | 40635 | 2956 | 10 | 1___msg12.
12 | 20061211 | 52026 | 111752 | 10 | 1___msg13.
13 | 20011231 | 40519 | 140054 | 10 | 1___msg14.
14 | 20070129 | 221546 | 63016 | 10 | 1___msg15.
15 | 20060212 | 45018 | 64351 | 10 | 1___msg16.
16 | 20131004 | 113801 | 172622 | 10 | 1___msg17.
17 | 20181010 | 3910 | 153557 | 10 | 1___msg18.
18 | 20030628 | 15702 | 231901 | 10 | 1___msg19.
19 | 20180817 | 14249 | 73415 | 10 | 1___msg20.
0 | 20030217 | 34323 | 210037 | 9 | 1___msg1.
1 | 20161225 | 71452 | 123427 | 9 | 1___msg2.
2 | 20110218 | 54116 | 223749 | 9 | 1___msg3.
3 | 20170130 | 220730 | 95159 | 9 | 1___msg4.
4 | 20021025 | 182310 | 215703 | 9 | 1___msg5.
5 | 20071203 | 182545 | 234924 | 9 | 1___msg6.
6 | 20180708 | 33853 | 91401 | 9 | 1___msg7.
7 | 20100614 | 144946 | 100324 | 9 | 1___msg8.
8 | 20111216 | 135817 | 85209 | 9 | 1___msg9.
9 | 20030204 | 102618 | 41440 | 10 | 1___msg10.
10 | 20010922 | 113032 | 64112 | 10 | 1___msg11.
11 | 20150809 | 40635 | 2956 | 10 | 1___msg12.
12 | 20061211 | 52026 | 111752 | 10 | 1___msg13.
13 | 20011231 | 40519 | 140054 | 10 | 1___msg14.
14 | 20070129 | 221546 | 63016 | 10 | 1___msg15.
15 | 20060212 | 45018 | 64351 | 10 | 1___msg16.
16 | 20131004 | 113801 | 172622 | 10 | 1___msg17.
17 | 20181010 | 3910 | 153557 | 10 | 1___msg18.
18 | 20030628 | 15702 | 231901 | 10 | 1___msg19.
19 | 20180817 | 14249 | 73415 | 10 | 1___msg20.
0 
1 0 
2 1 0 
3 2 1 0 
4 3 2 1 0 
5 4 3 2 1 0 
6 5 4 3 2 1 0 
7 6 5 4 3 2 1 0 
8 7 6 5 4 3 2 1 0 
9 8 7 6 5 4 3 2 1 0 
10 9 8 7 6 5 4 3 2 1 0 
11 10 9 8 7 6 5 4 3 2 1 0 
12 11 10 9 8 7 6 5 4 3 2 1 0 
13 12 11 10 9 8 7 6 5 4 3 2 1 0 
14 13 12 11 10 9 8 7 6 5 4 3 2 1 0 
15 14 13 12 11 10 9 8 7 6 5 4 3 2 1 0 
16 15 14 13 12 11 10 9 8 7 6 5 4 3 2 1 0 
17 16 15 14 13 12 11 10 9 8 7 6 5 4 3 2 1 0 
18 17 16 15 14 13 12 11 10 9 8 7 6 5 4 3 2 1 0 
19 18 17 16 15 14 13 12 11 10 9 8 7 6 5 4 3 2 1 0 
19 18 17 16 15 14 13 12 11 10 9 8 7 6 5 4 3 2 1 0 
19 18 17 16 15 14 13 12 11 10 9 8 7 6 5 4 3 2 1 0 
19 18 17 16 15 14 13 12 11 10 9 8 7 6 5 4 3 2 1 0 
19 18 17 16 15 14 13 12 11 10 9 8 7 6 5 4 3 2 1 0 
19 18 17 16 15 14 13 12 11 10 9 8 7 6 5 4 3 2 1 0 
19 18 17 16 15 14 13 12 11 10 9 8 7 6 5 4 3 2 1 0 
19 18 17 16 15 14 13 12 11 10 9 8 7 6 5 4 3 2 1 0 
19 18 17 16 15 14 13 12 11 10 9 8 7 6 5 4 3 2 1 0 
19 18 17 16 15 14 13 12 11 10 9 8 7 6 5 4 3 2 1 0 
19 18 17 16 15 14 13 12 11 10 9 8 7 6 5 4 3 2 1 0 
19 18 17 16 15 14 13 12 11 10 9 8 7 6 5 4 3 2 1 0 
19 18 17 16 15 14 13 12 11 10 9 8 7 6 5 4 3 2 1 0 
