0 | 20130604 | 35228 | 44714 | 9 | 3___msg1.
1 | 20010201 | 51237 | 10644 | 9 | 3___msg2.
2 | 20190511 | 154648 | 214259 | 9 | 3___msg3.
3 | 20090609 | 10008 | 123751 | 9 | 3___msg4.
4 | 20120118 | 160152 | 123354 | 9 | 3___msg5.
5 | 20080917 | 11033 | 221420 | 9 | 3___msg6.
6 | 20040223 | 191338 | 142028 | 9 | 3___msg7.
7 | 20171218 | 151819 | 155822 | 9 | 3___msg8.
8 | 20060601 | 12957 | 60819 | 9 | 3___msg9.
9 | 20110806 | 194051 | 15732 | 10 | 3___msg10.
10 | 20120303 | 110140 | 193156 | 10 | 3___msg11.
11 | 20060426 | 200857 | 124546 | 10 | 3___msg12.
12 | 20140517 | 30409 | 42311 | 10 | 3___msg13.
13 | 20041130 | 213504 | 213153 | 10 | 3___msg14.
14 | 20050331 | 21631 | 61007 | 10 | 3___msg15.
15 | 20120120 | 151521 | 223226 | 10 | 3___msg16.
16 | 20110831 | 84615 | 25635 | 10 | 3___msg17.
17 | 20121030 | 55912 | 135505 | 10 | 3___msg18.
18 | 20081220 | 225741 | 11050 | 10 | 3___msg19.
19 | 20030621 | 90013 | 223159 | 10 | 3___msg20.
0 | 20130604 | 35228 | 44714 | 9 | 3___msg1.
1 | 20010201 | 51237 | 10644 | 9 | 3___msg2.
2 | 20190511 | 154648 | 214259 | 9 | 3___msg3.
3 | 20090609 | 10008 | 123751 | 9 | 3___msg4.
4 | 20120118 | 160152 | 123354 | 9 | 3___msg5.
5 | 20080917 | 11033 | 221420 | 9 | 3___msg6.
6 | 20040223 | 191338 | 142028 | 9 | 3___msg7.
7 | 20171218 | 151819 | 155822 | 9 | 3___msg8.
8 | 20060601 | 12957 | 60819 | 9 | 3___msg9.
9 | 20110806 | 194051 | 15732 | 10 | 3___msg10.
10 | 20120303 | 110140 | 193156 | 10 | 3___msg11.
11 | 20060426 | 200857 | 124546 | 10 | 3___msg12.
12 | 20140517 | 30409 | 42311 | 10 | 3___msg13.
13 | 20041130 | 213504 | 213153 | 10 | 3___msg14.
14 | 20050331 | 21631 | 61007 | 10 | 3___msg15.
15 | 20120120 | 151521 | 223226 | 10 | 3___msg16.
16 | 20110831 | 84615 | 25635 | 10 | 3___msg17.
17 | 20121030 | 55912 | 135505 | 10 | 3___msg18.
18 | 20081220 | 225741 | 11050 | 10 | 3___msg19.
19 | 20030621 | 90013 | 223159 | 10 | 3___msg20.
0 
1 0 
2 1 0 
3 2 1 0 
4 3 2 1 0 
5 4 3 2 1 0 
6 5 4 3 2 1 0 
7 6 5 4 3 2 1 0 
8 7 6 5 4 3 2 1 0 
9 8 7 6 5 4 3 2 1 0 
10 9 8 7 6 5 4 3 2 1 0 
11 10 9 8 7 6 5 4 3 2 1 0 
12 11 10 9 8 7 6 5 4 3 2 1 0 
13 12 11 10 9 8 7 6 5 4 3 2 1 0 
14 13 12 11 10 9 8 7 6 5 4 3 2 1 0 
15 14 13 12 11 10 9 8 7 6 5 4 3 2 1 0 
16 15 14 13 12 11 10 9 8 7 6 5 4 3 2 1 0 
17 16 15 14 13 12 11 10 9 8 7 6 5 4 3 2 1 0 
18 17 16 15 14 13 12 11 10 9 8 7 6 5 4 3 2 1 0 
19 18 17 16 15 14 13 12 11 10 9 8 7 6 5 4 3 2 1 0 
19 18 17 16 15 14 13 12 11 10 9 8 7 6 5 4 3 2 1 0 
19 18 17 16 15 14 13 12 11 10 9 8 7 6 5 4 3 2 1 0 
19 18 17 16 15 14 13 12 11 10 9 8 7 6 5 4 3 2 1 0 
19 18 17 16 15 14 13 12 11 10 9 8 7 6 5 4 3 2 1 0 
19 18 17 16 15 14 13 12 11 10 9 8 7 6 5 4 3 2 1 0 
19 18 17 16 15 14 13 12 11 10 9 8 7 6 5 4 3 2 1 0 
19 18 17 16 15 14 13 12 11 10 9 8 7 6 5 4 3 2 1 0 
19 18 17 16 15 14 13 12 11 10 9 8 7 6 5 4 3 2 1 0 
19 18 17 16 15 14 13 12 11 10 9 8 7 6 5 4 3 2 1 0 
19 18 17 16 15 14 13 12 11 10 9 8 7 6 5 4 3 2 1 0 
19 18 17 16 15 14 13 12 11 10 9 8 7 6 5 4 3 2 1 0 
19 18 17 16 15 14 13 12 11 10 9 8 7 6 5 4 3 2 1 0 
19 18 17 16 15 14 13 12 11 10 9 8 7 6 5 4 3 2 1 0 
19 18 17 16 15 14 13 12 11 10 9 8 7 6 5 4 3 2 1 0 
19 18 17 16 15 14 13 12 11 10 9 8 7 6 5 4 3 2 1 0 
19 18 17 16 15 14 13 12 11 10 9 8 7 6 5 4 3 2 1 0 
19 18 17 16 15 14 13 12 11 10 9 8 7 6 5 4 3 2 1 0 
19 18 17 16 15 14 13 12 11 10 9 8 7 6 5 4 3 2 1 0 
19 18 17 16 15 14 13 12 11 10 9 8 7 6 5 4 3 2 1 0 
19 18 17 16 15 14 13 12 11 10 9 8 7 6 5 4 3 2 1 0 
