0 | 20080818 | 21638 | 114630 | 9 | 4___msg1.
1 | 20141221 | 41907 | 142341 | 9 | 4___msg2.
2 | 20091021 | 40541 | 142601 | 9 | 4___msg3.
3 | 20201214 | 45916 | 211634 | 9 | 4___msg4.
4 | 20050326 | 14020 | 120743 | 9 | 4___msg5.
5 | 20090521 | 162412 | 132434 | 9 | 4___msg6.
6 | 20190102 | 24550 | 20518 | 9 | 4___msg7.
7 | 20130712 | 121448 | 152519 | 9 | 4___msg8.
8 | 20010828 | 202549 | 152748 | 9 | 4___msg9.
9 | 20100516 | 82501 | 82033 | 10 | 4___msg10.
10 | 20060309 | 45951 | 223832 | 10 | 4___msg11.
11 | 20020313 | 103016 | 220242 | 10 | 4___msg12.
12 | 20180420 | 114602 | 185303 | 10 | 4___msg13.
13 | 20071202 | 233853 | 41047 | 10 | 4___msg14.
14 | 20050829 | 180423 | 153301 | 10 | 4___msg15.
15 | 20060311 | 144016 | 70835 | 10 | 4___msg16.
16 | 20120712 | 195900 | 202145 | 10 | 4___msg17.
17 | 20180106 | 132209 | 220517 | 10 | 4___msg18.
18 | 20141101 | 184458 | 135827 | 10 | 4___msg19.
19 | 20030929 | 102258 | 102037 | 10 | 4___msg20.
0 | 20080818 | 21638 | 114630 | 9 | 4___msg1.
1 | 20141221 | 41907 | 142341 | 9 | 4___msg2.
2 | 20091021 | 40541 | 142601 | 9 | 4___msg3.
3 | 20201214 | 45916 | 211634 | 9 | 4___msg4.
4 | 20050326 | 14020 | 120743 | 9 | 4___msg5.
5 | 20090521 | 162412 | 132434 | 9 | 4___msg6.
6 | 20190102 | 24550 | 20518 | 9 | 4___msg7.
7 | 20130712 | 121448 | 152519 | 9 | 4___msg8.
8 | 20010828 | 202549 | 152748 | 9 | 4___msg9.
9 | 20100516 | 82501 | 82033 | 10 | 4___msg10.
10 | 20060309 | 45951 | 223832 | 10 | 4___msg11.
11 | 20020313 | 103016 | 220242 | 10 | 4___msg12.
12 | 20180420 | 114602 | 185303 | 10 | 4___msg13.
13 | 20071202 | 233853 | 41047 | 10 | 4___msg14.
14 | 20050829 | 180423 | 153301 | 10 | 4___msg15.
15 | 20060311 | 144016 | 70835 | 10 | 4___msg16.
16 | 20120712 | 195900 | 202145 | 10 | 4___msg17.
17 | 20180106 | 132209 | 220517 | 10 | 4___msg18.
18 | 20141101 | 184458 | 135827 | 10 | 4___msg19.
19 | 20030929 | 102258 | 102037 | 10 | 4___msg20.
0 
1 0 
2 1 0 
3 2 1 0 
4 3 2 1 0 
5 4 3 2 1 0 
6 5 4 3 2 1 0 
7 6 5 4 3 2 1 0 
8 7 6 5 4 3 2 1 0 
9 8 7 6 5 4 3 2 1 0 
10 9 8 7 6 5 4 3 2 1 0 
11 10 9 8 7 6 5 4 3 2 1 0 
12 11 10 9 8 7 6 5 4 3 2 1 0 
13 12 11 10 9 8 7 6 5 4 3 2 1 0 
14 13 12 11 10 9 8 7 6 5 4 3 2 1 0 
15 14 13 12 11 10 9 8 7 6 5 4 3 2 1 0 
16 15 14 13 12 11 10 9 8 7 6 5 4 3 2 1 0 
17 16 15 14 13 12 11 10 9 8 7 6 5 4 3 2 1 0 
18 17 16 15 14 13 12 11 10 9 8 7 6 5 4 3 2 1 0 
19 18 17 16 15 14 13 12 11 10 9 8 7 6 5 4 3 2 1 0 
19 18 17 16 15 14 13 12 11 10 9 8 7 6 5 4 3 2 1 0 
19 18 17 16 15 14 13 12 11 10 9 8 7 6 5 4 3 2 1 0 
19 18 17 16 15 14 13 12 11 10 9 8 7 6 5 4 3 2 1 0 
19 18 17 16 15 14 13 12 11 10 9 8 7 6 5 4 3 2 1 0 
19 18 17 16 15 14 13 12 11 10 9 8 7 6 5 4 3 2 1 0 
19 18 17 16 15 14 13 12 11 10 9 8 7 6 5 4 3 2 1 0 
19 18 17 16 15 14 13 12 11 10 9 8 7 6 5 4 3 2 1 0 
19 18 17 16 15 14 13 12 11 10 9 8 7 6 5 4 3 2 1 0 
19 18 17 16 15 14 13 12 11 10 9 8 7 6 5 4 3 2 1 0 
19 18 17 16 15 14 13 12 11 10 9 8 7 6 5 4 3 2 1 0 
19 18 17 16 15 14 13 12 11 10 9 8 7 6 5 4 3 2 1 0 
19 18 17 16 15 14 13 12 11 10 9 8 7 6 5 4 3 2 1 0 
19 18 17 16 15 14 13 12 11 10 9 8 7 6 5 4 3 2 1 0 
19 18 17 16 15 14 13 12 11 10 9 8 7 6 5 4 3 2 1 0 
19 18 17 16 15 14 13 12 11 10 9 8 7 6 5 4 3 2 1 0 
19 18 17 16 15 14 13 12 11 10 9 8 7 6 5 4 3 2 1 0 
19 18 17 16 15 14 13 12 11 10 9 8 7 6 5 4 3 2 1 0 
19 18 17 16 15 14 13 12 11 10 9 8 7 6 5 4 3 2 1 0 
19 18 17 16 15 14 13 12 11 10 9 8 7 6 5 4 3 2 1 0 
19 18 17 16 15 14 13 12 11 10 9 8 7 6 5 4 3 2 1 0 
