0 | 20091226 | 224533 | 230231 | 9 | 5___msg1.
1 | 20191117 | 222554 | 12828 | 9 | 5___msg2.
2 | 20051208 | 142106 | 51846 | 9 | 5___msg3.
3 | 20031109 | 115724 | 174332 | 9 | 5___msg4.
4 | 20011106 | 140537 | 90245 | 9 | 5___msg5.
5 | 20030506 | 125957 | 33307 | 9 | 5___msg6.
6 | 20021011 | 61543 | 220929 | 9 | 5___msg7.
7 | 20090709 | 44700 | 113019 | 9 | 5___msg8.
8 | 20110831 | 130802 | 62627 | 9 | 5___msg9.
9 | 20020620 | 31309 | 113505 | 10 | 5___msg10.
10 | 20110714 | 105103 | 24811 | 10 | 5___msg11.
11 | 20021001 | 20406 | 235634 | 10 | 5___msg12.
12 | 20020811 | 163146 | 10814 | 10 | 5___msg13.
13 | 20150716 | 204323 | 40422 | 10 | 5___msg14.
14 | 20080528 | 31920 | 212558 | 10 | 5___msg15.
15 | 20160427 | 133938 | 120744 | 10 | 5___msg16.
16 | 20170125 | 171023 | 182636 | 10 | 5___msg17.
17 | 20161026 | 170818 | 203238 | 10 | 5___msg18.
18 | 20140226 | 165940 | 60430 | 10 | 5___msg19.
19 | 20121008 | 74901 | 224422 | 10 | 5___msg20.
0 | 20091226 | 224533 | 230231 | 9 | 5___msg1.
1 | 20191117 | 222554 | 12828 | 9 | 5___msg2.
2 | 20051208 | 142106 | 51846 | 9 | 5___msg3.
3 | 20031109 | 115724 | 174332 | 9 | 5___msg4.
4 | 20011106 | 140537 | 90245 | 9 | 5___msg5.
5 | 20030506 | 125957 | 33307 | 9 | 5___msg6.
6 | 20021011 | 61543 | 220929 | 9 | 5___msg7.
7 | 20090709 | 44700 | 113019 | 9 | 5___msg8.
8 | 20110831 | 130802 | 62627 | 9 | 5___msg9.
9 | 20020620 | 31309 | 113505 | 10 | 5___msg10.
10 | 20110714 | 105103 | 24811 | 10 | 5___msg11.
11 | 20021001 | 20406 | 235634 | 10 | 5___msg12.
12 | 20020811 | 163146 | 10814 | 10 | 5___msg13.
13 | 20150716 | 204323 | 40422 | 10 | 5___msg14.
14 | 20080528 | 31920 | 212558 | 10 | 5___msg15.
15 | 20160427 | 133938 | 120744 | 10 | 5___msg16.
16 | 20170125 | 171023 | 182636 | 10 | 5___msg17.
17 | 20161026 | 170818 | 203238 | 10 | 5___msg18.
18 | 20140226 | 165940 | 60430 | 10 | 5___msg19.
19 | 20121008 | 74901 | 224422 | 10 | 5___msg20.
0 
1 0 
2 1 0 
3 2 1 0 
4 3 2 1 0 
5 4 3 2 1 0 
6 5 4 3 2 1 0 
7 6 5 4 3 2 1 0 
8 7 6 5 4 3 2 1 0 
9 8 7 6 5 4 3 2 1 0 
10 9 8 7 6 5 4 3 2 1 0 
11 10 9 8 7 6 5 4 3 2 1 0 
12 11 10 9 8 7 6 5 4 3 2 1 0 
13 12 11 10 9 8 7 6 5 4 3 2 1 0 
14 13 12 11 10 9 8 7 6 5 4 3 2 1 0 
15 14 13 12 11 10 9 8 7 6 5 4 3 2 1 0 
16 15 14 13 12 11 10 9 8 7 6 5 4 3 2 1 0 
17 16 15 14 13 12 11 10 9 8 7 6 5 4 3 2 1 0 
18 17 16 15 14 13 12 11 10 9 8 7 6 5 4 3 2 1 0 
19 18 17 16 15 14 13 12 11 10 9 8 7 6 5 4 3 2 1 0 
19 18 17 16 15 14 13 12 11 10 9 8 7 6 5 4 3 2 1 0 
19 18 17 16 15 14 13 12 11 10 9 8 7 6 5 4 3 2 1 0 
19 18 17 16 15 14 13 12 11 10 9 8 7 6 5 4 3 2 1 0 
19 18 17 16 15 14 13 12 11 10 9 8 7 6 5 4 3 2 1 0 
19 18 17 16 15 14 13 12 11 10 9 8 7 6 5 4 3 2 1 0 
19 18 17 16 15 14 13 12 11 10 9 8 7 6 5 4 3 2 1 0 
19 18 17 16 15 14 13 12 11 10 9 8 7 6 5 4 3 2 1 0 
19 18 17 16 15 14 13 12 11 10 9 8 7 6 5 4 3 2 1 0 
19 18 17 16 15 14 13 12 11 10 9 8 7 6 5 4 3 2 1 0 
19 18 17 16 15 14 13 12 11 10 9 8 7 6 5 4 3 2 1 0 
19 18 17 16 15 14 13 12 11 10 9 8 7 6 5 4 3 2 1 0 
19 18 17 16 15 14 13 12 11 10 9 8 7 6 5 4 3 2 1 0 
19 18 17 16 15 14 13 12 11 10 9 8 7 6 5 4 3 2 1 0 
19 18 17 16 15 14 13 12 11 10 9 8 7 6 5 4 3 2 1 0 
19 18 17 16 15 14 13 12 11 10 9 8 7 6 5 4 3 2 1 0 
19 18 17 16 15 14 13 12 11 10 9 8 7 6 5 4 3 2 1 0 
19 18 17 16 15 14 13 12 11 10 9 8 7 6 5 4 3 2 1 0 
