0 | 20090212 | 60659 | 223609 | 9 | 6___msg1.
1 | 20030203 | 91205 | 83149 | 9 | 6___msg2.
2 | 20021217 | 33025 | 194729 | 9 | 6___msg3.
3 | 20190417 | 105521 | 22403 | 9 | 6___msg4.
4 | 20061224 | 194830 | 82031 | 9 | 6___msg5.
5 | 20181024 | 193654 | 73924 | 9 | 6___msg6.
6 | 20040513 | 94457 | 91330 | 9 | 6___msg7.
7 | 20071018 | 222433 | 94754 | 9 | 6___msg8.
8 | 20050701 | 91532 | 133946 | 9 | 6___msg9.
9 | 20130210 | 22902 | 40340 | 10 | 6___msg10.
10 | 20091031 | 211900 | 23045 | 10 | 6___msg11.
11 | 20121014 | 83030 | 170143 | 10 | 6___msg12.
12 | 20020617 | 210202 | 31737 | 10 | 6___msg13.
13 | 20150617 | 180525 | 64149 | 10 | 6___msg14.
14 | 20170314 | 114130 | 180946 | 10 | 6___msg15.
15 | 20070114 | 191722 | 33123 | 10 | 6___msg16.
16 | 20060928 | 55634 | 114110 | 10 | 6___msg17.
17 | 20020110 | 94109 | 54925 | 10 | 6___msg18.
18 | 20040219 | 103256 | 41822 | 10 | 6___msg19.
19 | 20140426 | 95936 | 153016 | 10 | 6___msg20.
0 | 20090212 | 60659 | 223609 | 9 | 6___msg1.
1 | 20030203 | 91205 | 83149 | 9 | 6___msg2.
2 | 20021217 | 33025 | 194729 | 9 | 6___msg3.
3 | 20190417 | 105521 | 22403 | 9 | 6___msg4.
4 | 20061224 | 194830 | 82031 | 9 | 6___msg5.
5 | 20181024 | 193654 | 73924 | 9 | 6___msg6.
6 | 20040513 | 94457 | 91330 | 9 | 6___msg7.
7 | 20071018 | 222433 | 94754 | 9 | 6___msg8.
8 | 20050701 | 91532 | 133946 | 9 | 6___msg9.
9 | 20130210 | 22902 | 40340 | 10 | 6___msg10.
10 | 20091031 | 211900 | 23045 | 10 | 6___msg11.
11 | 20121014 | 83030 | 170143 | 10 | 6___msg12.
12 | 20020617 | 210202 | 31737 | 10 | 6___msg13.
13 | 20150617 | 180525 | 64149 | 10 | 6___msg14.
14 | 20170314 | 114130 | 180946 | 10 | 6___msg15.
15 | 20070114 | 191722 | 33123 | 10 | 6___msg16.
16 | 20060928 | 55634 | 114110 | 10 | 6___msg17.
17 | 20020110 | 94109 | 54925 | 10 | 6___msg18.
18 | 20040219 | 103256 | 41822 | 10 | 6___msg19.
19 | 20140426 | 95936 | 153016 | 10 | 6___msg20.
0 
1 0 
2 1 0 
3 2 1 0 
4 3 2 1 0 
5 4 3 2 1 0 
6 5 4 3 2 1 0 
7 6 5 4 3 2 1 0 
8 7 6 5 4 3 2 1 0 
9 8 7 6 5 4 3 2 1 0 
10 9 8 7 6 5 4 3 2 1 0 
11 10 9 8 7 6 5 4 3 2 1 0 
12 11 10 9 8 7 6 5 4 3 2 1 0 
13 12 11 10 9 8 7 6 5 4 3 2 1 0 
14 13 12 11 10 9 8 7 6 5 4 3 2 1 0 
15 14 13 12 11 10 9 8 7 6 5 4 3 2 1 0 
16 15 14 13 12 11 10 9 8 7 6 5 4 3 2 1 0 
17 16 15 14 13 12 11 10 9 8 7 6 5 4 3 2 1 0 
18 17 16 15 14 13 12 11 10 9 8 7 6 5 4 3 2 1 0 
19 18 17 16 15 14 13 12 11 10 9 8 7 6 5 4 3 2 1 0 
19 18 17 16 15 14 13 12 11 10 9 8 7 6 5 4 3 2 1 0 
19 18 17 16 15 14 13 12 11 10 9 8 7 6 5 4 3 2 1 0 
19 18 17 16 15 14 13 12 11 10 9 8 7 6 5 4 3 2 1 0 
19 18 17 16 15 14 13 12 11 10 9 8 7 6 5 4 3 2 1 0 
19 18 17 16 15 14 13 12 11 10 9 8 7 6 5 4 3 2 1 0 
19 18 17 16 15 14 13 12 11 10 9 8 7 6 5 4 3 2 1 0 
19 18 17 16 15 14 13 12 11 10 9 8 7 6 5 4 3 2 1 0 
19 18 17 16 15 14 13 12 11 10 9 8 7 6 5 4 3 2 1 0 
19 18 17 16 15 14 13 12 11 10 9 8 7 6 5 4 3 2 1 0 
19 18 17 16 15 14 13 12 11 10 9 8 7 6 5 4 3 2 1 0 
19 18 17 16 15 14 13 12 11 10 9 8 7 6 5 4 3 2 1 0 
19 18 17 16 15 14 13 12 11 10 9 8 7 6 5 4 3 2 1 0 
19 18 17 16 15 14 13 12 11 10 9 8 7 6 5 4 3 2 1 0 
