0 | 20010725 | 5213 | 144414 | 9 | 8___msg1.
1 | 20061130 | 2000 | 151318 | 9 | 8___msg2.
2 | 20091115 | 92516 | 182948 | 9 | 8___msg3.
3 | 20141119 | 92857 | 62826 | 9 | 8___msg4.
4 | 20151115 | 200442 | 233754 | 9 | 8___msg5.
5 | 20071124 | 102821 | 11505 | 9 | 8___msg6.
6 | 20040713 | 151628 | 4109 | 9 | 8___msg7.
7 | 20040628 | 93751 | 125243 | 9 | 8___msg8.
8 | 20100208 | 11212 | 51250 | 9 | 8___msg9.
9 | 20130706 | 41455 | 13542 | 10 | 8___msg10.
10 | 20151202 | 125245 | 63813 | 10 | 8___msg11.
11 | 20130423 | 144240 | 202304 | 10 | 8___msg12.
12 | 20190211 | 215957 | 60834 | 10 | 8___msg13.
13 | 20070807 | 223424 | 125503 | 10 | 8___msg14.
14 | 20081015 | 51924 | 20954 | 10 | 8___msg15.
15 | 20180120 | 152852 | 211502 | 10 | 8___msg16.
16 | 20040102 | 132630 | 55254 | 10 | 8___msg17.
17 | 20081104 | 45830 | 202851 | 10 | 8___msg18.
18 | 20200329 | 35231 | 224745 | 10 | 8___msg19.
19 | 20190124 | 172226 | 32928 | 10 | 8___msg20.
0 | 20010725 | 5213 | 144414 | 9 | 8___msg1.
1 | 20061130 | 2000 | 151318 | 9 | 8___msg2.
2 | 20091115 | 92516 | 182948 | 9 | 8___msg3.
3 | 20141119 | 92857 | 62826 | 9 | 8___msg4.
4 | 20151115 | 200442 | 233754 | 9 | 8___msg5.
5 | 20071124 | 102821 | 11505 | 9 | 8___msg6.
6 | 20040713 | 151628 | 4109 | 9 | 8___msg7.
7 | 20040628 | 93751 | 125243 | 9 | 8___msg8.
8 | 20100208 | 11212 | 51250 | 9 | 8___msg9.
9 | 20130706 | 41455 | 13542 | 10 | 8___msg10.
10 | 20151202 | 125245 | 63813 | 10 | 8___msg11.
11 | 20130423 | 144240 | 202304 | 10 | 8___msg12.
12 | 20190211 | 215957 | 60834 | 10 | 8___msg13.
13 | 20070807 | 223424 | 125503 | 10 | 8___msg14.
14 | 20081015 | 51924 | 20954 | 10 | 8___msg15.
15 | 20180120 | 152852 | 211502 | 10 | 8___msg16.
16 | 20040102 | 132630 | 55254 | 10 | 8___msg17.
17 | 20081104 | 45830 | 202851 | 10 | 8___msg18.
18 | 20200329 | 35231 | 224745 | 10 | 8___msg19.
19 | 20190124 | 172226 | 32928 | 10 | 8___msg20.
0 | 20010725 | 5213 | 144414 | 9 | 8___msg1.
1 | 20061130 | 2000 | 151318 | 9 | 8___msg2.
2 | 20091115 | 92516 | 182948 | 9 | 8___msg3.
3 | 20141119 | 92857 | 62826 | 9 | 8___msg4.
4 | 20151115 | 200442 | 233754 | 9 | 8___msg5.
5 | 20071124 | 102821 | 11505 | 9 | 8___msg6.
6 | 20040713 | 151628 | 4109 | 9 | 8___msg7.
7 | 20040628 | 93751 | 125243 | 9 | 8___msg8.
8 | 20100208 | 11212 | 51250 | 9 | 8___msg9.
9 | 20130706 | 41455 | 13542 | 10 | 8___msg10.
10 | 20151202 | 125245 | 63813 | 10 | 8___msg11.
11 | 20130423 | 144240 | 202304 | 10 | 8___msg12.
12 | 20190211 | 215957 | 60834 | 10 | 8___msg13.
13 | 20070807 | 223424 | 125503 | 10 | 8___msg14.
14 | 20081015 | 51924 | 20954 | 10 | 8___msg15.
15 | 20180120 | 152852 | 211502 | 10 | 8___msg16.
16 | 20040102 | 132630 | 55254 | 10 | 8___msg17.
17 | 20081104 | 45830 | 202851 | 10 | 8___msg18.
18 | 20200329 | 35231 | 224745 | 10 | 8___msg19.
19 | 20190124 | 172226 | 32928 | 10 | 8___msg20.
0 
1 0 
2 1 0 
3 2 1 0 
4 3 2 1 0 
5 4 3 2 1 0 
6 5 4 3 2 1 0 
7 6 5 4 3 2 1 0 
8 7 6 5 4 3 2 1 0 
9 8 7 6 5 4 3 2 1 0 
10 9 8 7 6 5 4 3 2 1 0 
11 10 9 8 7 6 5 4 3 2 1 0 
12 11 10 9 8 7 6 5 4 3 2 1 0 
13 12 11 10 9 8 7 6 5 4 3 2 1 0 
14 13 12 11 10 9 8 7 6 5 4 3 2 1 0 
15 14 13 12 11 10 9 8 7 6 5 4 3 2 1 0 
16 15 14 13 12 11 10 9 8 7 6 5 4 3 2 1 0 
17 16 15 14 13 12 11 10 9 8 7 6 5 4 3 2 1 0 
18 17 16 15 14 13 12 11 10 9 8 7 6 5 4 3 2 1 0 
19 18 17 16 15 14 13 12 11 10 9 8 7 6 5 4 3 2 1 0 
