0 | 20160707 | 5919 | 140530 | 9 | 9___msg1.
1 | 20080608 | 214655 | 72114 | 9 | 9___msg2.
2 | 20110313 | 195135 | 91955 | 9 | 9___msg3.
3 | 20151208 | 235838 | 103046 | 9 | 9___msg4.
4 | 20130827 | 154715 | 151953 | 9 | 9___msg5.
5 | 20111127 | 120956 | 110929 | 9 | 9___msg6.
6 | 20010803 | 160149 | 114830 | 9 | 9___msg7.
7 | 20200622 | 105408 | 154553 | 9 | 9___msg8.
8 | 20050808 | 95238 | 150531 | 9 | 9___msg9.
9 | 20140801 | 51546 | 54342 | 10 | 9___msg10.
10 | 20180215 | 130502 | 174300 | 10 | 9___msg11.
11 | 20190820 | 55851 | 73115 | 10 | 9___msg12.
12 | 20020802 | 221518 | 161525 | 10 | 9___msg13.
13 | 20110709 | 202306 | 74117 | 10 | 9___msg14.
14 | 20130810 | 25353 | 211205 | 10 | 9___msg15.
15 | 20130614 | 44822 | 25220 | 10 | 9___msg16.
16 | 20150123 | 124034 | 61050 | 10 | 9___msg17.
17 | 20040928 | 110428 | 151958 | 10 | 9___msg18.
18 | 20160803 | 5829 | 172239 | 10 | 9___msg19.
19 | 20191106 | 94521 | 224714 | 10 | 9___msg20.
0 | 20160707 | 5919 | 140530 | 9 | 9___msg1.
1 | 20080608 | 214655 | 72114 | 9 | 9___msg2.
2 | 20110313 | 195135 | 91955 | 9 | 9___msg3.
3 | 20151208 | 235838 | 103046 | 9 | 9___msg4.
4 | 20130827 | 154715 | 151953 | 9 | 9___msg5.
5 | 20111127 | 120956 | 110929 | 9 | 9___msg6.
6 | 20010803 | 160149 | 114830 | 9 | 9___msg7.
7 | 20200622 | 105408 | 154553 | 9 | 9___msg8.
8 | 20050808 | 95238 | 150531 | 9 | 9___msg9.
9 | 20140801 | 51546 | 54342 | 10 | 9___msg10.
10 | 20180215 | 130502 | 174300 | 10 | 9___msg11.
11 | 20190820 | 55851 | 73115 | 10 | 9___msg12.
12 | 20020802 | 221518 | 161525 | 10 | 9___msg13.
13 | 20110709 | 202306 | 74117 | 10 | 9___msg14.
14 | 20130810 | 25353 | 211205 | 10 | 9___msg15.
15 | 20130614 | 44822 | 25220 | 10 | 9___msg16.
16 | 20150123 | 124034 | 61050 | 10 | 9___msg17.
17 | 20040928 | 110428 | 151958 | 10 | 9___msg18.
18 | 20160803 | 5829 | 172239 | 10 | 9___msg19.
19 | 20191106 | 94521 | 224714 | 10 | 9___msg20.
0 | 20160707 | 5919 | 140530 | 9 | 9___msg1.
1 | 20080608 | 214655 | 72114 | 9 | 9___msg2.
2 | 20110313 | 195135 | 91955 | 9 | 9___msg3.
3 | 20151208 | 235838 | 103046 | 9 | 9___msg4.
4 | 20130827 | 154715 | 151953 | 9 | 9___msg5.
5 | 20111127 | 120956 | 110929 | 9 | 9___msg6.
6 | 20010803 | 160149 | 114830 | 9 | 9___msg7.
7 | 20200622 | 105408 | 154553 | 9 | 9___msg8.
8 | 20050808 | 95238 | 150531 | 9 | 9___msg9.
9 | 20140801 | 51546 | 54342 | 10 | 9___msg10.
10 | 20180215 | 130502 | 174300 | 10 | 9___msg11.
11 | 20190820 | 55851 | 73115 | 10 | 9___msg12.
12 | 20020802 | 221518 | 161525 | 10 | 9___msg13.
13 | 20110709 | 202306 | 74117 | 10 | 9___msg14.
14 | 20130810 | 25353 | 211205 | 10 | 9___msg15.
15 | 20130614 | 44822 | 25220 | 10 | 9___msg16.
16 | 20150123 | 124034 | 61050 | 10 | 9___msg17.
17 | 20040928 | 110428 | 151958 | 10 | 9___msg18.
18 | 20160803 | 5829 | 172239 | 10 | 9___msg19.
19 | 20191106 | 94521 | 224714 | 10 | 9___msg20.
0 
1 0 
2 1 0 
3 2 1 0 
4 3 2 1 0 
5 4 3 2 1 0 
6 5 4 3 2 1 0 
7 6 5 4 3 2 1 0 
8 7 6 5 4 3 2 1 0 
9 8 7 6 5 4 3 2 1 0 
10 9 8 7 6 5 4 3 2 1 0 
11 10 9 8 7 6 5 4 3 2 1 0 
12 11 10 9 8 7 6 5 4 3 2 1 0 
13 12 11 10 9 8 7 6 5 4 3 2 1 0 
14 13 12 11 10 9 8 7 6 5 4 3 2 1 0 
15 14 13 12 11 10 9 8 7 6 5 4 3 2 1 0 
16 15 14 13 12 11 10 9 8 7 6 5 4 3 2 1 0 
17 16 15 14 13 12 11 10 9 8 7 6 5 4 3 2 1 0 
18 17 16 15 14 13 12 11 10 9 8 7 6 5 4 3 2 1 0 
19 18 17 16 15 14 13 12 11 10 9 8 7 6 5 4 3 2 1 0 
