0 | 20030217 | 34323 | 210037 | 20 | msg1.msg1.msg1.msg1.
1 | 20161225 | 71452 | 123427 | 20 | msg2.msg2.msg2.msg2.
2 | 20110218 | 54116 | 223749 | 20 | msg3.msg3.msg3.msg3.
3 | 20170130 | 220730 | 95159 | 20 | msg4.msg4.msg4.msg4.
4 | 20021025 | 182310 | 215703 | 20 | msg5.msg5.msg5.msg5.
5 | 20071203 | 182545 | 234924 | 20 | msg6.msg6.msg6.msg6.
6 | 20180708 | 33853 | 91401 | 20 | msg7.msg7.msg7.msg7.
7 | 20100614 | 144946 | 100324 | 20 | msg8.msg8.msg8.msg8.
8 | 20111216 | 135817 | 85209 | 20 | msg9.msg9.msg9.msg9.
9 | 20030204 | 102618 | 41440 | 24 | msg10.msg10.msg10.msg10.
10 | 20010922 | 113032 | 64112 | 24 | msg11.msg11.msg11.msg11.
11 | 20150809 | 40635 | 2956 | 24 | msg12.msg12.msg12.msg12.
12 | 20061211 | 52026 | 111752 | 24 | msg13.msg13.msg13.msg13.
13 | 20011231 | 40519 | 140054 | 24 | msg14.msg14.msg14.msg14.
0 | 20030217 | 34323 | 210037 | 20 | msg1.msg1.msg1.msg1.
1 | 20161225 | 71452 | 123427 | 20 | msg2.msg2.msg2.msg2.
2 | 20110218 | 54116 | 223749 | 20 | msg3.msg3.msg3.msg3.
3 | 20170130 | 220730 | 95159 | 20 | msg4.msg4.msg4.msg4.
4 | 20021025 | 182310 | 215703 | 20 | msg5.msg5.msg5.msg5.
5 | 20071203 | 182545 | 234924 | 20 | msg6.msg6.msg6.msg6.
6 | 20180708 | 33853 | 91401 | 20 | msg7.msg7.msg7.msg7.
7 | 20100614 | 144946 | 100324 | 20 | msg8.msg8.msg8.msg8.
8 | 20111216 | 135817 | 85209 | 20 | msg9.msg9.msg9.msg9.
9 | 20030204 | 102618 | 41440 | 24 | msg10.msg10.msg10.msg10.
10 | 20010922 | 113032 | 64112 | 24 | msg11.msg11.msg11.msg11.
11 | 20150809 | 40635 | 2956 | 24 | msg12.msg12.msg12.msg12.
12 | 20061211 | 52026 | 111752 | 24 | msg13.msg13.msg13.msg13.
13 | 20011231 | 40519 | 140054 | 24 | msg14.msg14.msg14.msg14.
6 
7 6 
9 7 6 
10 9 7 6 
12 10 9 7 6 
13 12 10 9 7 6 
1 13 12 10 9 7 6 
2 1 13 12 10 9 7 6 
4 2 1 13 12 10 9 7 6 
5 4 2 1 13 12 10 9 7 6 
5 4 2 1 13 12 10 9 7 6 
8 5 4 2 1 13 12 10 9 7 6 
8 5 4 2 1 13 12 10 9 7 6 
11 8 5 4 2 1 13 12 10 9 7 6 
11 8 5 4 2 1 13 12 10 9 7 6 
0 | 20030217 | 34323 | 210037 | 20 | msg1.msg1.msg1.msg1.
3 | 20161225 | 71452 | 123427 | 118 | msg2.msg2.msg2.msg2.18.02.2011 05:41:16 22:37:49 msg3.msg3.msg3.msg3.30.01.2017 22:07:30 09:51:59 msg4.msg4.msg4.msg4.
14 | 20021025 | 182310 | 215703 | 481 | msg5.msg5.msg5.msg5.03.12.2007 18:25:45 23:49:24 msg6.msg6.msg6.msg6.08.07.2018 03:38:53 09:14:01 msg7.msg7.msg7.msg7.14.06.2010 14:49:46 10:03:24 msg8.msg8.msg8.msg8.16.12.2011 13:58:17 08:52:09 msg9.msg9.msg9.msg9.04.02.2003 10:26:18 04:14:40 msg10.msg10.msg10.msg10.22.09.2001 11:30:32 06:41:12 msg11.msg11.msg11.msg11.09.08.2015 04:06:35 00:29:56 msg12.msg12.msg12.msg12.11.12.2006 05:20:26 11:17:52 msg13.msg13.msg13.msg13.31.12.2001 04:05:19 14:00:54 msg14.msg14.msg14.msg14.
0 11 8 5 4 2 1 13 12 10 9 7 6 
14 0 11 8 5 4 2 1 13 12 10 9 7 6 
3 | 20030217 | 34323 | 210037 | 167 | msg1.msg1.msg1.msg1.25.12.2016 07:14:52 12:34:27 msg2.msg2.msg2.msg2.18.02.2011 05:41:16 22:37:49 msg3.msg3.msg3.msg3.30.01.2017 22:07:30 09:51:59 msg4.msg4.msg4.msg4.
15 | 20021025 | 182310 | 215703 | 481 | msg5.msg5.msg5.msg5.03.12.2007 18:25:45 23:49:24 msg6.msg6.msg6.msg6.08.07.2018 03:38:53 09:14:01 msg7.msg7.msg7.msg7.14.06.2010 14:49:46 10:03:24 msg8.msg8.msg8.msg8.16.12.2011 13:58:17 08:52:09 msg9.msg9.msg9.msg9.04.02.2003 10:26:18 04:14:40 msg10.msg10.msg10.msg10.22.09.2001 11:30:32 06:41:12 msg11.msg11.msg11.msg11.09.08.2015 04:06:35 00:29:56 msg12.msg12.msg12.msg12.11.12.2006 05:20:26 11:17:52 msg13.msg13.msg13.msg13.31.12.2001 04:05:19 14:00:54 msg14.msg14.msg14.msg14.
3 14 0 11 8 5 4 2 1 13 12 10 9 7 6 
