0 | 20030217 | 34323 | 210037 | 20 | msg1.msg1.msg1.msg1.
1 | 20161225 | 71452 | 123427 | 20 | msg2.msg2.msg2.msg2.
2 | 20110218 | 54116 | 223749 | 20 | msg3.msg3.msg3.msg3.
3 | 20170130 | 220730 | 95159 | 20 | msg4.msg4.msg4.msg4.
4 | 20021025 | 182310 | 215703 | 20 | msg5.msg5.msg5.msg5.
5 | 20071203 | 182545 | 234924 | 20 | msg6.msg6.msg6.msg6.
6 | 20180708 | 33853 | 91401 | 20 | msg7.msg7.msg7.msg7.
7 | 20100614 | 144946 | 100324 | 20 | msg8.msg8.msg8.msg8.
8 | 20111216 | 135817 | 85209 | 20 | msg9.msg9.msg9.msg9.
9 | 20030204 | 102618 | 41440 | 24 | msg10.msg10.msg10.msg10.
10 | 20010922 | 113032 | 64112 | 24 | msg11.msg11.msg11.msg11.
11 | 20150809 | 40635 | 2956 | 24 | msg12.msg12.msg12.msg12.
12 | 20061211 | 52026 | 111752 | 24 | msg13.msg13.msg13.msg13.
13 | 20011231 | 40519 | 140054 | 24 | msg14.msg14.msg14.msg14.
0 | 20030217 | 34323 | 210037 | 20 | msg1.msg1.msg1.msg1.
1 | 20161225 | 71452 | 123427 | 20 | msg2.msg2.msg2.msg2.
2 | 20110218 | 54116 | 223749 | 20 | msg3.msg3.msg3.msg3.
3 | 20170130 | 220730 | 95159 | 20 | msg4.msg4.msg4.msg4.
4 | 20021025 | 182310 | 215703 | 20 | msg5.msg5.msg5.msg5.
5 | 20071203 | 182545 | 234924 | 20 | msg6.msg6.msg6.msg6.
6 | 20180708 | 33853 | 91401 | 20 | msg7.msg7.msg7.msg7.
7 | 20100614 | 144946 | 100324 | 20 | msg8.msg8.msg8.msg8.
8 | 20111216 | 135817 | 85209 | 20 | msg9.msg9.msg9.msg9.
9 | 20030204 | 102618 | 41440 | 24 | msg10.msg10.msg10.msg10.
10 | 20010922 | 113032 | 64112 | 24 | msg11.msg11.msg11.msg11.
11 | 20150809 | 40635 | 2956 | 24 | msg12.msg12.msg12.msg12.
12 | 20061211 | 52026 | 111752 | 24 | msg13.msg13.msg13.msg13.
13 | 20011231 | 40519 | 140054 | 24 | msg14.msg14.msg14.msg14.
0 
1 0 
3 1 0 
4 3 1 0 
6 4 3 1 0 
7 6 4 3 1 0 
9 7 6 4 3 1 0 
10 9 7 6 4 3 1 0 
12 10 9 7 6 4 3 1 0 
13 12 10 9 7 6 4 3 1 0 
13 12 10 9 7 6 4 3 1 0 
2 13 12 10 9 7 6 4 3 1 0 
2 13 12 10 9 7 6 4 3 1 0 
5 2 13 12 10 9 7 6 4 3 1 0 
5 2 13 12 10 9 7 6 4 3 1 0 
8 5 2 13 12 10 9 7 6 4 3 1 0 
8 5 2 13 12 10 9 7 6 4 3 1 0 
11 8 5 2 13 12 10 9 7 6 4 3 1 0 
11 8 5 2 13 12 10 9 7 6 4 3 1 0 
