2026-04-14 21:44:57.937 [info] Marked extension as removed ms-python.debugpy-2025.14.1-linux-x64
2026-04-14 21:44:58.015 [info] Deleted marked for removal extension from disk ms-python.vscode-python-envs /home/red/.vscode/extensions/ms-python.vscode-python-envs-1.10.0-linux-x64
2026-04-14 21:44:58.015 [info] Deleted marked for removal extension from disk ms-python.vscode-python-envs /home/red/.vscode/extensions/ms-python.vscode-python-envs-1.2.0-linux-x64
2026-04-14 21:44:58.015 [info] Deleted marked for removal extension from disk ms-vscode.cmake-tools /home/red/.vscode/extensions/ms-vscode.cmake-tools-1.21.36
2026-04-14 21:44:58.016 [info] Deleted marked for removal extension from disk ms-python.vscode-python-envs /home/red/.vscode/extensions/ms-python.vscode-python-envs-1.6.0-linux-x64
2026-04-14 21:44:58.092 [info] Deleted marked for removal extension from disk ms-python.debugpy /home/red/.vscode/extensions/ms-python.debugpy-2025.14.1-linux-x64
2026-04-14 21:44:58.130 [info] Deleted marked for removal extension from disk ms-python.python /home/red/.vscode/extensions/ms-python.python-2025.16.0-linux-x64
2026-04-14 21:45:02.300 [info] Getting Manifest... ms-python.python
2026-04-14 21:45:02.304 [info] Getting Manifest... ms-python.vscode-pylance
2026-04-14 21:45:02.308 [info] Getting Manifest... ms-vscode.cmake-tools
2026-04-14 21:45:02.312 [info] Getting Manifest... ms-vscode.cpptools
2026-04-14 21:45:02.315 [info] Getting Manifest... ms-vscode.cpptools-extension-pack
2026-04-14 21:45:02.363 [info] Installing extension: ms-python.python {"productVersion":{"version":"1.105.1","date":"2025-10-14T22:33:36.618Z"},"pinned":false,"operation":3,"isApplicationScoped":false,"profileLocation":{"$mid":1,"external":"vscode-userdata:/home/red/.vscode/extensions/extensions.json","path":"/home/red/.vscode/extensions/extensions.json","scheme":"vscode-userdata"}}
2026-04-14 21:45:02.369 [info] Installing extension: ms-python.vscode-pylance {"productVersion":{"version":"1.105.1","date":"2025-10-14T22:33:36.618Z"},"pinned":false,"operation":3,"isApplicationScoped":false,"profileLocation":{"$mid":1,"external":"vscode-userdata:/home/red/.vscode/extensions/extensions.json","path":"/home/red/.vscode/extensions/extensions.json","scheme":"vscode-userdata"}}
2026-04-14 21:45:02.420 [info] Installing extension: ms-vscode.cpptools-extension-pack {"productVersion":{"version":"1.105.1","date":"2025-10-14T22:33:36.618Z"},"pinned":false,"operation":3,"isApplicationScoped":false,"profileLocation":{"$mid":1,"external":"vscode-userdata:/home/red/.vscode/extensions/extensions.json","path":"/home/red/.vscode/extensions/extensions.json","scheme":"vscode-userdata"}}
2026-04-14 21:45:02.422 [info] Installing extension: ms-vscode.cmake-tools {"productVersion":{"version":"1.105.1","date":"2025-10-14T22:33:36.618Z"},"pinned":false,"operation":3,"isApplicationScoped":false,"profileLocation":{"$mid":1,"external":"vscode-userdata:/home/red/.vscode/extensions/extensions.json","path":"/home/red/.vscode/extensions/extensions.json","scheme":"vscode-userdata"}}
2026-04-14 21:45:02.551 [info] Getting Manifest... ms-vscode.cpp-devtools
2026-04-14 21:45:02.553 [info] Getting Manifest... ms-vscode.cpp-devtools
2026-04-14 21:45:02.559 [info] Installing extension: ms-vscode.cpp-devtools {"productVersion":{"version":"1.105.1","date":"2025-10-14T22:33:36.618Z"},"pinned":false,"operation":3,"isApplicationScoped":false,"profileLocation":{"$mid":1,"external":"vscode-userdata:/home/red/.vscode/extensions/extensions.json","path":"/home/red/.vscode/extensions/extensions.json","scheme":"vscode-userdata"},"installGivenVersion":false,"context":{"dependecyOrPackExtensionInstall":true}}
2026-04-14 21:45:12.721 [info] Waiting for already requested installing extension ms-vscode.cpp-devtools ms-vscode.cpptools-extension-pack vscode-userdata:/home/red/.vscode/extensions/extensions.json
2026-04-14 21:45:14.006 [info] Extension signature verification result for ms-vscode.cpptools-extension-pack: Success. Internal Code: 0. Executed: true. Duration: 985ms.
2026-04-14 21:45:14.016 [info] Extracted extension to file:///home/red/.vscode/extensions/ms-vscode.cpptools-extension-pack-1.5.1: ms-vscode.cpptools-extension-pack
2026-04-14 21:45:14.021 [info] Renamed to /home/red/.vscode/extensions/ms-vscode.cpptools-extension-pack-1.5.1
2026-04-14 21:45:14.030 [info] Marked extension as removed ms-vscode.cpptools-extension-pack-1.3.1
