/home/red/Documents/Politex/projects/OS/lab2/ibks/folder_18/udpclientemul.rb:169:in 'UDPSocket#send': Interrupt
	from /home/red/Documents/Politex/projects/OS/lab2/ibks/folder_18/udpclientemul.rb:169:in 'block (3 levels) in Object#client'
	from <internal:numeric>:257:in 'Integer#times'
	from /home/red/Documents/Politex/projects/OS/lab2/ibks/folder_18/udpclientemul.rb:169:in 'block (2 levels) in Object#client'
	from /home/red/Documents/Politex/projects/OS/lab2/ibks/folder_18/udpclientemul.rb:168:in 'Hash#each'
	from /home/red/Documents/Politex/projects/OS/lab2/ibks/folder_18/udpclientemul.rb:168:in 'block in Object#client'
	from <internal:kernel>:168:in 'Kernel#loop'
	from /home/red/Documents/Politex/projects/OS/lab2/ibks/folder_18/udpclientemul.rb:163:in 'Object#client'
	from /home/red/Documents/Politex/projects/OS/lab2/ibks/folder_18/udpclientemul.rb:192:in '<main>'
Server address: 10.0.170.90:9977
$sendrep=4
20 msg(s) left in queue.
20 msg(s) left in queue.
20 msg(s) left in queue.
20 msg(s) left in queue.
20 msg(s) left in queue.
20 msg(s) left in queue.
20 msg(s) left in queue.
20 msg(s) left in queue.
20 msg(s) left in queue.
20 msg(s) left in queue.
20 msg(s) left in queue.
20 msg(s) left in queue.
20 msg(s) left in queue.
20 msg(s) left in queue.
20 msg(s) left in queue.
20 msg(s) left in queue.
20 msg(s) left in queue.
20 msg(s) left in queue.
20 msg(s) left in queue.
20 msg(s) left in queue.
20 msg(s) left in queue.
