Device Index: 0
  Selected: false
  Device Name: cpu-haswell-Intel(R) Core(TM) i7-10510U CPU @ 1.80GHz
  Device Vendor: GenuineIntel
  Device Version: OpenCL 3.0 PoCL HSTR: cpu-x86_64-pc-linux-gnu-haswell
  Driver Version: 7.1
  Device Type: cpu 
  Device Extensions: cl_khr_byte_addressable_store cl_khr_global_int32_base_atomics cl_khr_global_int32_extended_atomics cl_khr_local_int32_base_atomics cl_khr_local_int32_extended_atomics cl_khr_3d_image_writes cl_ext_float_atomics cl_intel_unified_shared_memory cl_ext_buffer_device_address       cl_pocl_svm_rect cl_pocl_command_buffer_svm       cl_khr_command_buffer cl_khr_command_buffer_multi_device cl_khr_command_buffer_mutable_dispatch       cl_pocl_command_buffer_host_buffer cl_khr_subgroups cl_khr_subgroup_ballot cl_khr_subgroup_shuffle cl_intel_subgroups cl_intel_subgroups_short cl_intel_subgroups_char cl_intel_required_subgroup_size cl_exp_tensor cl_khr_fp16 cl_khr_fp64 cl_khr_int64_base_atomics cl_khr_int64_extended_atomics
  Device OpenCL C Version: OpenCL C 1.2 PoCL
  Device Available: true
  Device Compiler Available: true
  Device Linker Available: true
  Platform Name: Portable Computing Language
  Platform Vendor: The pocl project
  Platform Version: OpenCL 3.0 PoCL 7.1  Linux, Release, RELOC, LLVM 20.1.8, SLEEF, DISTRO, CUDA, POCL_DEBUG
  Platform Profile: FULL_PROFILE
  Platform Extensions: cl_khr_icd cl_khr_priority_hints cl_khr_throttle_hints cl_khr_create_command_queue cl_pocl_content_size cl_ext_buffer_device_address

Device Index: 1
  Selected: true
  Device Name: Intel(R) Core(TM) i7-10510U CPU @ 1.80GHz
  Device Vendor: Intel(R) Corporation
  Device Version: OpenCL 3.0 (Build 0)
  Driver Version: 2024.18.12.0.05_160000
  Device Type: cpu 
  Device Extensions: cl_khr_spirv_linkonce_odr cl_khr_fp64 cl_khr_fp16 cl_khr_global_int32_base_atomics cl_khr_global_int32_extended_atomics cl_khr_local_int32_base_atomics cl_khr_local_int32_extended_atomics cl_khr_3d_image_writes cl_khr_byte_addressable_store cl_khr_depth_images cl_khr_extended_bit_ops cl_khr_icd cl_khr_il_program cl_khr_suggested_local_work_size cl_intel_unified_shared_memory cl_intel_devicelib_assert cl_khr_subgroup_ballot cl_khr_subgroup_shuffle cl_khr_subgroup_shuffle_relative cl_khr_subgroup_extended_types cl_khr_subgroup_non_uniform_arithmetic cl_khr_subgroup_non_uniform_vote cl_khr_subgroup_clustered_reduce cl_intel_subgroups cl_intel_subgroups_char cl_intel_subgroups_short cl_intel_subgroups_long cl_intel_required_subgroup_size cl_intel_spirv_subgroups cl_khr_int64_base_atomics cl_khr_int64_extended_atomics cl_intel_device_attribute_query cl_intel_exec_by_local_thread cl_intel_vec_len_hint cl_intel_device_partition_by_names cl_khr_spir cl_khr_image2d_from_buffer cl_intel_concurrent_dispatch
  Device OpenCL C Version: OpenCL C 3.0 
  Device Available: true
  Device Compiler Available: true
  Device Linker Available: true
  Platform Name: Intel(R) OpenCL
  Platform Vendor: Intel(R) Corporation
  Platform Version: OpenCL 3.0 LINUX
  Platform Profile: FULL_PROFILE
  Platform Extensions: cl_khr_spirv_linkonce_odr cl_khr_fp64 cl_khr_fp16 cl_khr_global_int32_base_atomics cl_khr_global_int32_extended_atomics cl_khr_local_int32_base_atomics cl_khr_local_int32_extended_atomics cl_khr_3d_image_writes cl_khr_byte_addressable_store cl_khr_depth_images cl_khr_extended_bit_ops cl_khr_icd cl_khr_il_program cl_khr_suggested_local_work_size cl_intel_unified_shared_memory cl_intel_devicelib_assert cl_khr_subgroup_ballot cl_khr_subgroup_shuffle cl_khr_subgroup_shuffle_relative cl_khr_subgroup_extended_types cl_khr_subgroup_non_uniform_arithmetic cl_khr_subgroup_non_uniform_vote cl_khr_subgroup_clustered_reduce cl_intel_subgroups cl_intel_subgroups_char cl_intel_subgroups_short cl_intel_subgroups_long cl_intel_required_subgroup_size cl_intel_spirv_subgroups cl_khr_int64_base_atomics cl_khr_int64_extended_atomics cl_intel_device_attribute_query cl_intel_exec_by_local_thread cl_intel_vec_len_hint cl_intel_device_partition_by_names cl_khr_spir cl_khr_image2d_from_buffer cl_intel_concurrent_dispatch

