0 | 20180128 | 62900 | 231916 | 9 | 2___msg1.
1 | 20151006 | 40012 | 174300 | 9 | 2___msg2.
2 | 20050411 | 155108 | 34746 | 9 | 2___msg3.
3 | 20090320 | 140047 | 101140 | 9 | 2___msg4.
4 | 20191005 | 5255 | 73215 | 9 | 2___msg5.
5 | 20070112 | 174343 | 92159 | 9 | 2___msg6.
6 | 20190702 | 173536 | 171052 | 9 | 2___msg7.
7 | 20150625 | 81442 | 231800 | 9 | 2___msg8.
8 | 20121004 | 80459 | 102901 | 9 | 2___msg9.
9 | 20180608 | 82123 | 183255 | 10 | 2___msg10.
10 | 20070226 | 162252 | 210051 | 10 | 2___msg11.
11 | 20021226 | 45005 | 15226 | 10 | 2___msg12.
12 | 20120306 | 61800 | 52748 | 10 | 2___msg13.
13 | 20030128 | 184159 | 102143 | 10 | 2___msg14.
14 | 20171209 | 14930 | 943 | 10 | 2___msg15.
15 | 20150702 | 32002 | 13846 | 10 | 2___msg16.
16 | 20160810 | 90619 | 204134 | 10 | 2___msg17.
17 | 20091028 | 23056 | 193521 | 10 | 2___msg18.
18 | 20120526 | 117 | 191159 | 10 | 2___msg19.
19 | 20060725 | 232633 | 194210 | 10 | 2___msg20.
0 | 20180128 | 62900 | 231916 | 9 | 2___msg1.
1 | 20151006 | 40012 | 174300 | 9 | 2___msg2.
2 | 20050411 | 155108 | 34746 | 9 | 2___msg3.
3 | 20090320 | 140047 | 101140 | 9 | 2___msg4.
4 | 20191005 | 5255 | 73215 | 9 | 2___msg5.
5 | 20070112 | 174343 | 92159 | 9 | 2___msg6.
6 | 20190702 | 173536 | 171052 | 9 | 2___msg7.
7 | 20150625 | 81442 | 231800 | 9 | 2___msg8.
8 | 20121004 | 80459 | 102901 | 9 | 2___msg9.
9 | 20180608 | 82123 | 183255 | 10 | 2___msg10.
10 | 20070226 | 162252 | 210051 | 10 | 2___msg11.
11 | 20021226 | 45005 | 15226 | 10 | 2___msg12.
12 | 20120306 | 61800 | 52748 | 10 | 2___msg13.
13 | 20030128 | 184159 | 102143 | 10 | 2___msg14.
14 | 20171209 | 14930 | 943 | 10 | 2___msg15.
15 | 20150702 | 32002 | 13846 | 10 | 2___msg16.
16 | 20160810 | 90619 | 204134 | 10 | 2___msg17.
17 | 20091028 | 23056 | 193521 | 10 | 2___msg18.
18 | 20120526 | 117 | 191159 | 10 | 2___msg19.
19 | 20060725 | 232633 | 194210 | 10 | 2___msg20.
0 
1 0 
2 1 0 
3 2 1 0 
4 3 2 1 0 
5 4 3 2 1 0 
6 5 4 3 2 1 0 
7 6 5 4 3 2 1 0 
8 7 6 5 4 3 2 1 0 
9 8 7 6 5 4 3 2 1 0 
10 9 8 7 6 5 4 3 2 1 0 
11 10 9 8 7 6 5 4 3 2 1 0 
12 11 10 9 8 7 6 5 4 3 2 1 0 
13 12 11 10 9 8 7 6 5 4 3 2 1 0 
14 13 12 11 10 9 8 7 6 5 4 3 2 1 0 
15 14 13 12 11 10 9 8 7 6 5 4 3 2 1 0 
16 15 14 13 12 11 10 9 8 7 6 5 4 3 2 1 0 
17 16 15 14 13 12 11 10 9 8 7 6 5 4 3 2 1 0 
18 17 16 15 14 13 12 11 10 9 8 7 6 5 4 3 2 1 0 
19 18 17 16 15 14 13 12 11 10 9 8 7 6 5 4 3 2 1 0 
19 18 17 16 15 14 13 12 11 10 9 8 7 6 5 4 3 2 1 0 
19 18 17 16 15 14 13 12 11 10 9 8 7 6 5 4 3 2 1 0 
19 18 17 16 15 14 13 12 11 10 9 8 7 6 5 4 3 2 1 0 
19 18 17 16 15 14 13 12 11 10 9 8 7 6 5 4 3 2 1 0 
19 18 17 16 15 14 13 12 11 10 9 8 7 6 5 4 3 2 1 0 
19 18 17 16 15 14 13 12 11 10 9 8 7 6 5 4 3 2 1 0 
19 18 17 16 15 14 13 12 11 10 9 8 7 6 5 4 3 2 1 0 
19 18 17 16 15 14 13 12 11 10 9 8 7 6 5 4 3 2 1 0 
19 18 17 16 15 14 13 12 11 10 9 8 7 6 5 4 3 2 1 0 
19 18 17 16 15 14 13 12 11 10 9 8 7 6 5 4 3 2 1 0 
19 18 17 16 15 14 13 12 11 10 9 8 7 6 5 4 3 2 1 0 
19 18 17 16 15 14 13 12 11 10 9 8 7 6 5 4 3 2 1 0 
19 18 17 16 15 14 13 12 11 10 9 8 7 6 5 4 3 2 1 0 
19 18 17 16 15 14 13 12 11 10 9 8 7 6 5 4 3 2 1 0 
19 18 17 16 15 14 13 12 11 10 9 8 7 6 5 4 3 2 1 0 
19 18 17 16 15 14 13 12 11 10 9 8 7 6 5 4 3 2 1 0 
19 18 17 16 15 14 13 12 11 10 9 8 7 6 5 4 3 2 1 0 
19 18 17 16 15 14 13 12 11 10 9 8 7 6 5 4 3 2 1 0 
19 18 17 16 15 14 13 12 11 10 9 8 7 6 5 4 3 2 1 0 
19 18 17 16 15 14 13 12 11 10 9 8 7 6 5 4 3 2 1 0 
