0 | 20200723 | 152735 | 60237 | 9 | 7___msg1.
1 | 20070731 | 72549 | 173805 | 9 | 7___msg2.
2 | 20100423 | 190724 | 85310 | 9 | 7___msg3.
3 | 20131119 | 42921 | 202921 | 9 | 7___msg4.
4 | 20040927 | 122739 | 141505 | 9 | 7___msg5.
5 | 20120816 | 85448 | 181050 | 9 | 7___msg6.
6 | 20190914 | 81854 | 114724 | 9 | 7___msg7.
7 | 20181206 | 74837 | 81701 | 9 | 7___msg8.
8 | 20050417 | 70523 | 235320 | 9 | 7___msg9.
9 | 20130807 | 12122 | 134815 | 10 | 7___msg10.
10 | 20050819 | 130644 | 171012 | 10 | 7___msg11.
11 | 20100912 | 162838 | 162804 | 10 | 7___msg12.
12 | 20090808 | 180500 | 100428 | 10 | 7___msg13.
13 | 20020904 | 41535 | 124917 | 10 | 7___msg14.
14 | 20030823 | 111828 | 84302 | 10 | 7___msg15.
15 | 20011206 | 12211 | 161959 | 10 | 7___msg16.
16 | 20040811 | 22128 | 234831 | 10 | 7___msg17.
17 | 20110314 | 160818 | 83305 | 10 | 7___msg18.
18 | 20031118 | 190106 | 1616 | 10 | 7___msg19.
19 | 20151201 | 55228 | 184620 | 10 | 7___msg20.
0 | 20200723 | 152735 | 60237 | 9 | 7___msg1.
1 | 20070731 | 72549 | 173805 | 9 | 7___msg2.
2 | 20100423 | 190724 | 85310 | 9 | 7___msg3.
3 | 20131119 | 42921 | 202921 | 9 | 7___msg4.
4 | 20040927 | 122739 | 141505 | 9 | 7___msg5.
5 | 20120816 | 85448 | 181050 | 9 | 7___msg6.
6 | 20190914 | 81854 | 114724 | 9 | 7___msg7.
7 | 20181206 | 74837 | 81701 | 9 | 7___msg8.
8 | 20050417 | 70523 | 235320 | 9 | 7___msg9.
9 | 20130807 | 12122 | 134815 | 10 | 7___msg10.
10 | 20050819 | 130644 | 171012 | 10 | 7___msg11.
11 | 20100912 | 162838 | 162804 | 10 | 7___msg12.
12 | 20090808 | 180500 | 100428 | 10 | 7___msg13.
13 | 20020904 | 41535 | 124917 | 10 | 7___msg14.
14 | 20030823 | 111828 | 84302 | 10 | 7___msg15.
15 | 20011206 | 12211 | 161959 | 10 | 7___msg16.
16 | 20040811 | 22128 | 234831 | 10 | 7___msg17.
17 | 20110314 | 160818 | 83305 | 10 | 7___msg18.
18 | 20031118 | 190106 | 1616 | 10 | 7___msg19.
19 | 20151201 | 55228 | 184620 | 10 | 7___msg20.
0 
1 0 
2 1 0 
3 2 1 0 
4 3 2 1 0 
5 4 3 2 1 0 
6 5 4 3 2 1 0 
7 6 5 4 3 2 1 0 
8 7 6 5 4 3 2 1 0 
9 8 7 6 5 4 3 2 1 0 
10 9 8 7 6 5 4 3 2 1 0 
11 | 20200723 | 152735 | 60237 | 430 | 7___msg1.31.07.2007 07:25:49 17:38:05 7___msg2.23.04.2010 19:07:24 08:53:10 7___msg3.19.11.2013 04:29:21 20:29:21 7___msg4.27.09.2004 12:27:39 14:15:05 7___msg5.16.08.2012 08:54:48 18:10:50 7___msg6.14.09.2019 08:18:54 11:47:24 7___msg7.06.12.2018 07:48:37 08:17:01 7___msg8.17.04.2005 07:05:23 23:53:20 7___msg9.07.08.2013 01:21:22 13:48:15 7___msg10.19.08.2005 13:06:44 17:10:12 7___msg11.12.09.2010 16:28:38 16:28:04 7___msg12.
12 | 20090808 | 180500 | 100428 | 10 | 7___msg13.
13 | 20020904 | 41535 | 124917 | 10 | 7___msg14.
14 | 20030823 | 111828 | 84302 | 10 | 7___msg15.
15 | 20011206 | 12211 | 161959 | 10 | 7___msg16.
16 | 20040811 | 22128 | 234831 | 10 | 7___msg17.
17 | 20110314 | 160818 | 83305 | 10 | 7___msg18.
18 | 20031118 | 190106 | 1616 | 10 | 7___msg19.
19 | 20151201 | 55228 | 184620 | 10 | 7___msg20.
11 10 9 8 7 6 5 4 3 2 1 0 
12 11 10 9 8 7 6 5 4 3 2 1 0 
13 12 11 10 9 8 7 6 5 4 3 2 1 0 
14 13 12 11 10 9 8 7 6 5 4 3 2 1 0 
15 14 13 12 11 10 9 8 7 6 5 4 3 2 1 0 
16 15 14 13 12 11 10 9 8 7 6 5 4 3 2 1 0 
17 16 15 14 13 12 11 10 9 8 7 6 5 4 3 2 1 0 
18 17 16 15 14 13 12 11 10 9 8 7 6 5 4 3 2 1 0 
19 18 17 16 15 14 13 12 11 10 9 8 7 6 5 4 3 2 1 0 
