0 | 20030217 | 34323 | 210037 | 4 | msg1
1 | 20161225 | 71452 | 123427 | 4 | msg2
2 | 20110218 | 54116 | 223749 | 108 | msg3msg3msg3msg3msg3msg3msg3msg3msg3msg3msg3msg3msg3msg3msg3msg3msg3msg3msg3msg3msg3msg3msg3msg3msg3msg3msg3
3 | 20170130 | 220730 | 95159 | 4 | msg4
4 | 20021025 | 182310 | 215703 | 360 | msg5 msg5 msg5 msg5 msg5 msg5 msg5 msg5 msg5 msg5 msg5 msg5 msg5 msg5 msg5 msg5 msg5 msg5 msg5 msg5 msg5 msg5 msg5 msg5 msg5 msg5 msg5 msg5 msg5 msg5 msg5 msg5 msg5 msg5 msg5 msg5 msg5 msg5 msg5 msg5 msg5 msg5 msg5 msg5 msg5 msg5 msg5 msg5 msg5 msg5 msg5 msg5 msg5 msg5 msg5 msg5 msg5 msg5 msg5 msg5 msg5 msg5 msg5 msg5 msg5 msg5 msg5 msg5 msg5 msg5 msg5 msg5 
5 | 20071203 | 182545 | 234924 | 68 | msg6msg6msg6msg6msg6msg6msg6msg6msg6msg6msg6msg6msg6msg6msg6msg6msg6
0 | 20030217 | 34323 | 210037 | 4 | msg1
1 | 20161225 | 71452 | 123427 | 4 | msg2
2 | 20110218 | 54116 | 223749 | 108 | msg3msg3msg3msg3msg3msg3msg3msg3msg3msg3msg3msg3msg3msg3msg3msg3msg3msg3msg3msg3msg3msg3msg3msg3msg3msg3msg3
3 | 20170130 | 220730 | 95159 | 4 | msg4
4 | 20021025 | 182310 | 215703 | 360 | msg5 msg5 msg5 msg5 msg5 msg5 msg5 msg5 msg5 msg5 msg5 msg5 msg5 msg5 msg5 msg5 msg5 msg5 msg5 msg5 msg5 msg5 msg5 msg5 msg5 msg5 msg5 msg5 msg5 msg5 msg5 msg5 msg5 msg5 msg5 msg5 msg5 msg5 msg5 msg5 msg5 msg5 msg5 msg5 msg5 msg5 msg5 msg5 msg5 msg5 msg5 msg5 msg5 msg5 msg5 msg5 msg5 msg5 msg5 msg5 msg5 msg5 msg5 msg5 msg5 msg5 msg5 msg5 msg5 msg5 msg5 msg5 
5 | 20071203 | 182545 | 234924 | 68 | msg6msg6msg6msg6msg6msg6msg6msg6msg6msg6msg6msg6msg6msg6msg6msg6msg6
0 
1 0 
2 1 0 
3 2 1 0 
4 3 2 1 0 
5 4 3 2 1 0 
5 4 3 2 1 0 
5 4 3 2 1 0 
5 4 3 2 1 0 
5 4 3 2 1 0 
5 4 3 2 1 0 
5 4 3 2 1 0 
