0 verbose cli /nix/store/mcy5n3l8z7dbvaic7kgh80b86xj7smkn-nodejs-20.20.0/bin/node /nix/store/mcy5n3l8z7dbvaic7kgh80b86xj7smkn-nodejs-20.20.0/bin/npm
1 info using npm@10.8.2
2 info using node@v20.20.0
3 silly config load:file:/nix/store/mcy5n3l8z7dbvaic7kgh80b86xj7smkn-nodejs-20.20.0/lib/node_modules/npm/npmrc
4 silly config load:file:/home/red/Documents/Politex/.share/nvim/mason/staging/pyright/.npmrc
5 silly config load:file:/home/red/.npmrc
6 silly config load:file:/home/red/.npm-global/etc/npmrc
7 verbose title npm install pyright@1.1.408
8 verbose argv "install" "pyright@1.1.408"
9 verbose logfile logs-max:10 dir:/home/red/Documents/Politex/.cache/npm/_logs/2026-02-06T11_54_41_540Z-
10 verbose logfile /home/red/Documents/Politex/.cache/npm/_logs/2026-02-06T11_54_41_540Z-debug-0.log
11 silly packumentCache heap:4345298944 maxSize:1086324736 maxEntrySize:543162368
12 silly logfile done cleaning log files
13 silly idealTree buildDeps
14 silly fetch manifest pyright@1.1.408
15 silly packumentCache full:https://registry.npmjs.org/pyright cache-miss
16 http fetch GET 200 https://registry.npmjs.org/pyright 233ms (cache miss)
17 silly packumentCache full:https://registry.npmjs.org/pyright set size:undefined disposed:false
18 silly placeDep ROOT pyright@1.1.408 OK for: @mason/pyright@1.0.0 want: 1.1.408
19 silly fetch manifest fsevents@~2.3.3
20 silly packumentCache full:https://registry.npmjs.org/fsevents cache-miss
21 http fetch GET 200 https://registry.npmjs.org/fsevents 65ms (cache miss)
22 silly packumentCache full:https://registry.npmjs.org/fsevents set size:undefined disposed:false
23 silly placeDep node_modules/pyright fsevents@2.3.3 OK for: pyright@1.1.408 want: ~2.3.3
24 silly reify moves {}
25 silly audit bulk request { pyright: [ '1.1.408' ], fsevents: [ '2.3.3' ] }
26 verbose reify failed optional dependency /home/red/Documents/Politex/.share/nvim/mason/staging/pyright/node_modules/pyright/node_modules/fsevents
27 silly reify mark deleted [
27 silly reify   '/home/red/Documents/Politex/.share/nvim/mason/staging/pyright/node_modules/pyright/node_modules/fsevents'
27 silly reify ]
28 silly tarball no local data for pyright@https://registry.npmjs.org/pyright/-/pyright-1.1.408.tgz. Extracting by manifest.
29 http fetch POST 200 https://registry.npmjs.org/-/npm/v1/security/advisories/bulk 209ms
30 silly audit report {}
31 http fetch GET 200 https://registry.npmjs.org/pyright/-/pyright-1.1.408.tgz 1224ms (cache miss)
32 silly ADD node_modules/pyright
33 silly ADD
34 verbose cwd /home/red/Documents/Politex/.share/nvim/mason/staging/pyright
35 verbose os Linux 6.18.8-3-cachyos
36 verbose node v20.20.0
37 verbose npm  v10.8.2
38 verbose exit 0
39 info ok
