0 verbose cli /nix/store/mcy5n3l8z7dbvaic7kgh80b86xj7smkn-nodejs-20.20.0/bin/node /nix/store/mcy5n3l8z7dbvaic7kgh80b86xj7smkn-nodejs-20.20.0/bin/npm
1 info using npm@10.8.2
2 info using node@v20.20.0
3 silly config load:file:/nix/store/mcy5n3l8z7dbvaic7kgh80b86xj7smkn-nodejs-20.20.0/lib/node_modules/npm/npmrc
4 silly config load:file:/home/red/Documents/Politex/.share/nvim/mason/staging/pyright/.npmrc
5 silly config load:file:/home/red/.npmrc
6 silly config load:file:/home/red/.npm-global/etc/npmrc
7 verbose title npm init
8 verbose argv "init" "--yes" "--scope" "mason"
9 verbose logfile logs-max:10 dir:/home/red/Documents/Politex/.cache/npm/_logs/2026-02-06T11_54_41_244Z-
10 verbose logfile /home/red/Documents/Politex/.cache/npm/_logs/2026-02-06T11_54_41_244Z-debug-0.log
11 silly logfile done cleaning log files
12 silly package data {
12 silly package data   name: '@mason/pyright',
12 silly package data   version: '1.0.0',
12 silly package data   main: 'index.js',
12 silly package data   scripts: { test: 'echo "Error: no test specified" && exit 1' },
12 silly package data   keywords: [],
12 silly package data   author: '',
12 silly package data   license: 'ISC',
12 silly package data   description: ''
12 silly package data }
13 verbose cwd /home/red/Documents/Politex/.share/nvim/mason/staging/pyright
14 verbose os Linux 6.18.8-3-cachyos
15 verbose node v20.20.0
16 verbose npm  v10.8.2
17 verbose exit 0
18 info ok
